This is pdfTeX, Version 3.141592653-2.6-1.40.25 (MiKTeX 24.1) (preloaded format=pdflatex 2024.12.21)  21 DEC 2024 19:06
entering extended mode
 restricted \write18 enabled.
 file:line:error style messages enabled.
 %&-line parsing enabled.
**./main.tex
(main.tex
LaTeX2e <2023-11-01> patch level 1
L3 programming layer <2024-01-04>
(SGGW-thesis/SGGW-thesis.cls

LaTeX Warning: You have requested document class `SGGW-thesis/SGGW-thesis',
               but the document class provides `SGGW-thesis'.

Document Class: SGGW-thesis 2024/10/12 LaTeX class for writing theses in WULS-S
GGW
(C:\Users\jkind\AppData\Local\Programs\MiKTeX\tex/latex/base\report.cls
Document Class: report 2023/05/17 v1.4n Standard LaTeX document class
(C:\Users\jkind\AppData\Local\Programs\MiKTeX\tex/latex/base\size12.clo
File: size12.clo 2023/05/17 v1.4n Standard LaTeX file (size option)
)
\c@part=\count187
\c@chapter=\count188
\c@section=\count189
\c@subsection=\count190
\c@subsubsection=\count191
\c@paragraph=\count192
\c@subparagraph=\count193
\c@figure=\count194
\c@table=\count195
\abovecaptionskip=\skip48
\belowcaptionskip=\skip49
\bibindent=\dimen140
)
(C:\Users\jkind\AppData\Local\Programs\MiKTeX\tex/latex/base\fontenc.sty
Package: fontenc 2021/04/29 v2.0v Standard LaTeX package
)
(C:\Users\jkind\AppData\Local\Programs\MiKTeX\tex/latex/base\inputenc.sty
Package: inputenc 2021/02/14 v1.3d Input encoding file
\inpenc@prehook=\toks17
\inpenc@posthook=\toks18
)
(C:\Users\jkind\AppData\Local\Programs\MiKTeX\tex/latex/psnfss\mathptmx.sty
Package: mathptmx 2020/03/25 PSNFSS-v9.3 Times w/ Math, improved (SPQR, WaS) 
LaTeX Font Info:    Redeclaring symbol font `operators' on input line 28.
LaTeX Font Info:    Overwriting symbol font `operators' in version `normal'
(Font)                  OT1/cmr/m/n --> OT1/ztmcm/m/n on input line 28.
LaTeX Font Info:    Overwriting symbol font `operators' in version `bold'
(Font)                  OT1/cmr/bx/n --> OT1/ztmcm/m/n on input line 28.
LaTeX Font Info:    Redeclaring symbol font `letters' on input line 29.
LaTeX Font Info:    Overwriting symbol font `letters' in version `normal'
(Font)                  OML/cmm/m/it --> OML/ztmcm/m/it on input line 29.
LaTeX Font Info:    Overwriting symbol font `letters' in version `bold'
(Font)                  OML/cmm/b/it --> OML/ztmcm/m/it on input line 29.
LaTeX Font Info:    Redeclaring symbol font `symbols' on input line 30.
LaTeX Font Info:    Overwriting symbol font `symbols' in version `normal'
(Font)                  OMS/cmsy/m/n --> OMS/ztmcm/m/n on input line 30.
LaTeX Font Info:    Overwriting symbol font `symbols' in version `bold'
(Font)                  OMS/cmsy/b/n --> OMS/ztmcm/m/n on input line 30.
LaTeX Font Info:    Redeclaring symbol font `largesymbols' on input line 31.
LaTeX Font Info:    Overwriting symbol font `largesymbols' in version `normal'
(Font)                  OMX/cmex/m/n --> OMX/ztmcm/m/n on input line 31.
LaTeX Font Info:    Overwriting symbol font `largesymbols' in version `bold'
(Font)                  OMX/cmex/m/n --> OMX/ztmcm/m/n on input line 31.
\symbold=\mathgroup4
\symitalic=\mathgroup5
LaTeX Font Info:    Redeclaring math alphabet \mathbf on input line 34.
LaTeX Font Info:    Overwriting math alphabet `\mathbf' in version `normal'
(Font)                  OT1/cmr/bx/n --> OT1/ptm/bx/n on input line 34.
LaTeX Font Info:    Overwriting math alphabet `\mathbf' in version `bold'
(Font)                  OT1/cmr/bx/n --> OT1/ptm/bx/n on input line 34.
LaTeX Font Info:    Redeclaring math alphabet \mathit on input line 35.
LaTeX Font Info:    Overwriting math alphabet `\mathit' in version `normal'
(Font)                  OT1/cmr/m/it --> OT1/ptm/m/it on input line 35.
LaTeX Font Info:    Overwriting math alphabet `\mathit' in version `bold'
(Font)                  OT1/cmr/bx/it --> OT1/ptm/m/it on input line 35.
LaTeX Info: Redefining \hbar on input line 50.
)
(C:\Users\jkind\AppData\Local\Programs\MiKTeX\tex/latex/lm\lmodern.sty
Package: lmodern 2015/05/01 v1.6.1 Latin Modern Fonts
LaTeX Font Info:    Overwriting symbol font `operators' in version `normal'
(Font)                  OT1/ztmcm/m/n --> OT1/lmr/m/n on input line 22.
LaTeX Font Info:    Overwriting symbol font `letters' in version `normal'
(Font)                  OML/ztmcm/m/it --> OML/lmm/m/it on input line 23.
LaTeX Font Info:    Overwriting symbol font `symbols' in version `normal'
(Font)                  OMS/ztmcm/m/n --> OMS/lmsy/m/n on input line 24.
LaTeX Font Info:    Overwriting symbol font `largesymbols' in version `normal'
(Font)                  OMX/ztmcm/m/n --> OMX/lmex/m/n on input line 25.
LaTeX Font Info:    Overwriting symbol font `operators' in version `bold'
(Font)                  OT1/ztmcm/m/n --> OT1/lmr/bx/n on input line 26.
LaTeX Font Info:    Overwriting symbol font `letters' in version `bold'
(Font)                  OML/ztmcm/m/it --> OML/lmm/b/it on input line 27.
LaTeX Font Info:    Overwriting symbol font `symbols' in version `bold'
(Font)                  OMS/ztmcm/m/n --> OMS/lmsy/b/n on input line 28.
LaTeX Font Info:    Overwriting symbol font `largesymbols' in version `bold'
(Font)                  OMX/ztmcm/m/n --> OMX/lmex/m/n on input line 29.
LaTeX Font Info:    Overwriting math alphabet `\mathbf' in version `normal'
(Font)                  OT1/ptm/bx/n --> OT1/lmr/bx/n on input line 31.
LaTeX Font Info:    Overwriting math alphabet `\mathsf' in version `normal'
(Font)                  OT1/cmss/m/n --> OT1/lmss/m/n on input line 32.
LaTeX Font Info:    Overwriting math alphabet `\mathit' in version `normal'
(Font)                  OT1/ptm/m/it --> OT1/lmr/m/it on input line 33.
LaTeX Font Info:    Overwriting math alphabet `\mathtt' in version `normal'
(Font)                  OT1/cmtt/m/n --> OT1/lmtt/m/n on input line 34.
LaTeX Font Info:    Overwriting math alphabet `\mathbf' in version `bold'
(Font)                  OT1/ptm/bx/n --> OT1/lmr/bx/n on input line 35.
LaTeX Font Info:    Overwriting math alphabet `\mathsf' in version `bold'
(Font)                  OT1/cmss/bx/n --> OT1/lmss/bx/n on input line 36.
LaTeX Font Info:    Overwriting math alphabet `\mathit' in version `bold'
(Font)                  OT1/ptm/m/it --> OT1/lmr/bx/it on input line 37.
LaTeX Font Info:    Overwriting math alphabet `\mathtt' in version `bold'
(Font)                  OT1/cmtt/m/n --> OT1/lmtt/m/n on input line 38.
)
(C:\Users\jkind\AppData\Local\Programs\MiKTeX\tex/latex/tocbibind\tocbibind.sty
Package: tocbibind 2010/10/13 v1.5k extra ToC listings
Package tocbibind Info: The document has chapter divisions on input line 50.

Package tocbibind Note: Using chapter style headings, unless overridden.

) (C:\Users\jkind\AppData\Local\Programs\MiKTeX\tex/latex/caption\caption.sty
Package: caption 2023/08/05 v3.6o Customizing captions (AR)

(C:\Users\jkind\AppData\Local\Programs\MiKTeX\tex/latex/caption\caption3.sty
Package: caption3 2023/07/31 v2.4d caption3 kernel (AR)

(C:\Users\jkind\AppData\Local\Programs\MiKTeX\tex/latex/graphics\keyval.sty
Package: keyval 2022/05/29 v1.15 key=value parser (DPC)
\KV@toks@=\toks19
)
\caption@tempdima=\dimen141
\captionmargin=\dimen142
\caption@leftmargin=\dimen143
\caption@rightmargin=\dimen144
\caption@width=\dimen145
\caption@indent=\dimen146
\caption@parindent=\dimen147
\caption@hangindent=\dimen148
Package caption Info: Standard document class detected.
)
\c@caption@flags=\count196
\c@continuedfloat=\count197
)
(C:\Users\jkind\AppData\Local\Programs\MiKTeX\tex/latex/geometry\geometry.sty
Package: geometry 2020/01/02 v5.9 Page Geometry

(C:\Users\jkind\AppData\Local\Programs\MiKTeX\tex/generic/iftex\ifvtex.sty
Package: ifvtex 2019/10/25 v1.7 ifvtex legacy package. Use iftex instead.

(C:\Users\jkind\AppData\Local\Programs\MiKTeX\tex/generic/iftex\iftex.sty
Package: iftex 2022/02/03 v1.0f TeX engine tests
))
\Gm@cnth=\count198
\Gm@cntv=\count199
\c@Gm@tempcnt=\count266
\Gm@bindingoffset=\dimen149
\Gm@wd@mp=\dimen150
\Gm@odd@mp=\dimen151
\Gm@even@mp=\dimen152
\Gm@layoutwidth=\dimen153
\Gm@layoutheight=\dimen154
\Gm@layouthoffset=\dimen155
\Gm@layoutvoffset=\dimen156
\Gm@dimlist=\toks20

(C:\Users\jkind\AppData\Local\Programs\MiKTeX\tex/latex/geometry\geometry.cfg))
(C:\Users\jkind\AppData\Local\Programs\MiKTeX\tex/latex/polski\polski.sty
Package: polski 2021/08/25 v1.3.6 Polish language package

   Inputenc package detected. Catcodes not changed.
) (C:\Users\jkind\AppData\Local\Programs\MiKTeX\tex/latex/graphics\graphicx.sty
Package: graphicx 2021/09/16 v1.2d Enhanced LaTeX Graphics (DPC,SPQR)
(C:\Users\jkind\AppData\Local\Programs\MiKTeX\tex/latex/graphics\graphics.sty
Package: graphics 2022/03/10 v1.4e Standard LaTeX Graphics (DPC,SPQR)

(C:\Users\jkind\AppData\Local\Programs\MiKTeX\tex/latex/graphics\trig.sty
Package: trig 2021/08/11 v1.11 sin cos tan (DPC)
)
(C:\Users\jkind\AppData\Local\Programs\MiKTeX\tex/latex/graphics-cfg\graphics.c
fg
File: graphics.cfg 2016/06/04 v1.11 sample graphics configuration
)
Package graphics Info: Driver file: pdftex.def on input line 107.

(C:\Users\jkind\AppData\Local\Programs\MiKTeX\tex/latex/graphics-def\pdftex.def
File: pdftex.def 2022/09/22 v1.2b Graphics/color driver for pdftex
))
\Gin@req@height=\dimen157
\Gin@req@width=\dimen158
)
(C:\Users\jkind\AppData\Local\Programs\MiKTeX\tex/latex/titlesec\titlesec.sty
Package: titlesec 2023/10/27 v2.16 Sectioning titles
\ttl@box=\box51
\beforetitleunit=\skip50
\aftertitleunit=\skip51
\ttl@plus=\dimen159
\ttl@minus=\dimen160
\ttl@toksa=\toks21
\titlewidth=\dimen161
\titlewidthlast=\dimen162
\titlewidthfirst=\dimen163
)
(C:\Users\jkind\AppData\Local\Programs\MiKTeX\tex/latex/enumitem\enumitem.sty
Package: enumitem 2019/06/20 v3.9 Customized lists
\labelindent=\skip52
\enit@outerparindent=\dimen164
\enit@toks=\toks22
\enit@inbox=\box52
\enit@count@id=\count267
\enitdp@description=\count268
)
(C:\Users\jkind\AppData\Local\Programs\MiKTeX\tex/latex/setspace\setspace.sty
Package: setspace 2022/12/04 v6.7b set line spacing
)
(C:\Users\jkind\AppData\Local\Programs\MiKTeX\tex/latex/xifthen\xifthen.sty
Package: xifthen 2015/11/05 v1.4.0 Extended ifthen features

(C:\Users\jkind\AppData\Local\Programs\MiKTeX\tex/latex/tools\calc.sty
Package: calc 2023/07/08 v4.3 Infix arithmetic (KKT,FJ)
\calc@Acount=\count269
\calc@Bcount=\count270
\calc@Adimen=\dimen165
\calc@Bdimen=\dimen166
\calc@Askip=\skip53
\calc@Bskip=\skip54
LaTeX Info: Redefining \setlength on input line 80.
LaTeX Info: Redefining \addtolength on input line 81.
\calc@Ccount=\count271
\calc@Cskip=\skip55
)
(C:\Users\jkind\AppData\Local\Programs\MiKTeX\tex/latex/base\ifthen.sty
Package: ifthen 2022/04/13 v1.1d Standard LaTeX ifthen package (DPC)
)
(C:\Users\jkind\AppData\Local\Programs\MiKTeX\tex/latex/ifmtarg\ifmtarg.sty
Package: ifmtarg 2018/04/16 v1.2b check for an empty argument
)))
(C:\Users\jkind\AppData\Local\Programs\MiKTeX\tex/generic/babel\babel.sty
Package: babel 2024/01/07 v24.1 The Babel package
\babel@savecnt=\count272
\U@D=\dimen167
\l@unhyphenated=\language79

(C:\Users\jkind\AppData\Local\Programs\MiKTeX\tex/generic/babel\txtbabel.def)
\bbl@readstream=\read2
\bbl@dirlevel=\count273

*************************************
* Local config file bblopts.cfg used
*
(C:\Users\jkind\AppData\Local\Programs\MiKTeX\tex/latex/arabi\bblopts.cfg
File: bblopts.cfg 2005/09/08 v0.1 add Arabic and Farsi to "declared" options of
 babel
)
Package babel Info: You haven't specified a language as a class or package
(babel)             option. I'll load 'nil'. Reported on input line 4342.

(C:\Users\jkind\AppData\Local\Programs\MiKTeX\tex/generic/babel\nil.ldf
Language: nil 2024/01/07 v24.1 Nil language
\l@nil=\language80
))
(C:\Users\jkind\AppData\Local\Programs\MiKTeX\tex/latex/url\url.sty
\Urlmuskip=\muskip16
Package: url 2013/09/16  ver 3.4  Verb mode for urls, etc.
)
LaTeX Font Info:    Trying to load font information for T1+lmr on input line 32
.

(C:\Users\jkind\AppData\Local\Programs\MiKTeX\tex/latex/lm\t1lmr.fd
File: t1lmr.fd 2015/05/01 v1.6.1 Font defs for Latin Modern
)
(C:\Users\jkind\AppData\Local\Programs\MiKTeX\tex/latex/l3backend\l3backend-pdf
tex.def
File: l3backend-pdftex.def 2024-01-04 L3 backend support: PDF output (pdfTeX)
\l__color_backend_stack_int=\count274
\l__pdf_internal_box=\box53
)
No file main.aux.
\openout1 = `main.aux'.

LaTeX Font Info:    Checking defaults for OML/cmm/m/it on input line 32.
LaTeX Font Info:    ... okay on input line 32.
LaTeX Font Info:    Checking defaults for OMS/cmsy/m/n on input line 32.
LaTeX Font Info:    ... okay on input line 32.
LaTeX Font Info:    Checking defaults for OT1/cmr/m/n on input line 32.
LaTeX Font Info:    ... okay on input line 32.
LaTeX Font Info:    Checking defaults for T1/cmr/m/n on input line 32.
LaTeX Font Info:    ... okay on input line 32.
LaTeX Font Info:    Checking defaults for TS1/cmr/m/n on input line 32.
LaTeX Font Info:    ... okay on input line 32.
LaTeX Font Info:    Checking defaults for OMX/cmex/m/n on input line 32.
LaTeX Font Info:    ... okay on input line 32.
LaTeX Font Info:    Checking defaults for U/cmr/m/n on input line 32.
LaTeX Font Info:    ... okay on input line 32.
\big@size=\dimen168
Package caption Info: Begin \AtBeginDocument code.
Package caption Info: End \AtBeginDocument code.
*geometry* driver: auto-detecting
*geometry* detected driver: pdftex
*geometry* verbose mode - [ preamble ] result:
* driver: pdftex
* paper: a4paper
* layout: <same size as paper>
* layoutoffset:(h,v)=(0.0pt,0.0pt)
* modes: twoside 
* h-part:(L,W,R)=(99.58464pt, 426.79135pt, 71.13188pt)
* v-part:(T,H,B)=(71.13188pt, 702.78308pt, 71.13188pt)
* \paperwidth=597.50787pt
* \paperheight=845.04684pt
* \textwidth=426.79135pt
* \textheight=702.78308pt
* \oddsidemargin=27.31465pt
* \evensidemargin=-1.1381pt
* \topmargin=-38.1381pt
* \headheight=12.0pt
* \headsep=25.0pt
* \topskip=12.0pt
* \footskip=30.0pt
* \marginparwidth=95.0pt
* \marginparsep=10.0pt
* \columnsep=10.0pt
* \skip\footins=10.8pt plus 4.0pt minus 2.0pt
* \hoffset=0.0pt
* \voffset=0.0pt
* \mag=1000
* \@twocolumnfalse
* \@twosidetrue
* \@mparswitchtrue
* \@reversemarginfalse
* (1in=72.27pt=25.4mm, 1cm=28.453pt)


(C:\Users\jkind\AppData\Local\Programs\MiKTeX\tex/context/base/mkii\supp-pdf.mk
ii
[Loading MPS to PDF converter (version 2006.09.02).]
\scratchcounter=\count275
\scratchdimen=\dimen169
\scratchbox=\box54
\nofMPsegments=\count276
\nofMParguments=\count277
\everyMPshowfont=\toks23
\MPscratchCnt=\count278
\MPscratchDim=\dimen170
\MPnumerator=\count279
\makeMPintoPDFobject=\count280
\everyMPtoPDFconversion=\toks24
)
(C:\Users\jkind\AppData\Local\Programs\MiKTeX\tex/latex/epstopdf-pkg\epstopdf-b
ase.sty
Package: epstopdf-base 2020-01-24 v2.11 Base part for package epstopdf
Package epstopdf-base Info: Redefining graphics rule for `.eps' on input line 4
85.

(C:\Users\jkind\AppData\Local\Programs\MiKTeX\tex/latex/00miktex\epstopdf-sys.c
fg
File: epstopdf-sys.cfg 2021/03/18 v2.0 Configuration of epstopdf for MiKTeX
))
<SGGW-thesis/naglowek_inz.png, id=1, 742.775pt x 182.6825pt>
File: SGGW-thesis/naglowek_inz.png Graphic file (type png)
<use SGGW-thesis/naglowek_inz.png>
Package pdftex.def Info: SGGW-thesis/naglowek_inz.png  used on input line 33.
(pdftex.def)             Requested size: 279.12146pt x 68.65071pt.
<SGGW-thesis/stopka_WZIM.png, id=3, 483.30562pt x 82.80937pt>
File: SGGW-thesis/stopka_WZIM.png Graphic file (type png)
<use SGGW-thesis/stopka_WZIM.png>
Package pdftex.def Info: SGGW-thesis/stopka_WZIM.png  used on input line 33.
(pdftex.def)             Requested size: 314.11823pt x 53.8229pt.
 [1

{C:/Users/jkind/AppData/Local/MiKTeX/fonts/map/pdftex/pdftex.map}{C:/Users/jkin
d/AppData/Local/Programs/MiKTeX/fonts/enc/dvips/lm/lm-ec.enc} <./SGGW-thesis/na
glowek_inz.png> <./SGGW-thesis/stopka_WZIM.png>] [2]
Overfull \hbox (25.55125pt too wide) in paragraph at lines 34--34
\T1/lmr/m/n/12 O±wiadczam, »e niniejsza praca zostaªa przygotowana pod moim kie
runkiem i stwierdzam,
 []


Underfull \hbox (badness 10000) in paragraph at lines 34--34

 []


Overfull \hbox (3.51888pt too wide) in paragraph at lines 34--34
\T1/lmr/m/n/12 faªszywego o±wiadczenia, o±wiadczam, »e niniejsza praca dyplomow
a zostaªa napisana
 []


Underfull \hbox (badness 10000) in paragraph at lines 34--34

 []


Overfull \hbox (11.9044pt too wide) in paragraph at lines 34--34
\T1/lmr/m/n/12 O±wiadczam, »e niniejsza wersja pracy jest identyczna z zaª¡czon
¡ wersj¡ elektroniczn¡.
 []


Overfull \hbox (44.80621pt too wide) in paragraph at lines 34--34
\T1/lmr/m/n/12 Przyjmuj¦ do wiadomo±ci, »e praca dyplomowa poddana zostanie pro
cedurze antyplagiatowej. 
 []


Underfull \hbox (badness 10000) in paragraph at lines 34--34

 []

[3] [4] [5] [6]
No file main.toc.
\tf@toc=\write3
\openout3 = `main.toc'.

[7

] [8]
\openout2 = `chapter1.aux'.

 (chapter1.tex
Rozdzia\PlPrIeC {\l } 1.

Overfull \hbox (0.25313pt too wide) in paragraph at lines 6--7
\T1/lmr/m/n/12 Celem niniejszej pracy in»ynierskiej jest stworzenie systemu ste
ruj¡cego, który b¦dzie
 []


Overfull \hbox (1.42885pt too wide) in paragraph at lines 6--7
\T1/lmr/m/n/12 konieczne jest stworzenie ±rodowiska, w którym algorytm steruj¡c
y b¦dzie trenowany.
 []


Overfull \hbox (3.22244pt too wide) in paragraph at lines 13--15
\T1/lmr/m/n/12 Projekt tworzony w ramach niniejszej pracy in»ynierskiej skªada 
si¦ z dwóch gªównych
 []


Overfull \hbox (8.24463pt too wide) in paragraph at lines 13--15
\T1/lmr/m/n/12 Nast¦puj¡ce narz¦dzia i technologie zostaªy wykorzystane do stwo
rzenia oraz integracji
 []

LaTeX Font Info:    Trying to load font information for TS1+lmr on input line 1
7.
(C:\Users\jkind\AppData\Local\Programs\MiKTeX\tex/latex/lm\ts1lmr.fd
File: ts1lmr.fd 2015/05/01 v1.6.1 Font defs for Latin Modern
) [9


{C:/Users/jkind/AppData/Local/Programs/MiKTeX/fonts/enc/dvips/lm/lm-ts1.enc}]
Overfull \hbox (33.28195pt too wide) in paragraph at lines 34--35
\T1/lmr/m/n/12 Do stworzenia algorytmu steruj¡cego rakiet¡ wykorzystane zostaªy
 nast¦puj¡ce technologie: 
 []


Overfull \hbox (14.41866pt too wide) in paragraph at lines 45--46
\T1/lmr/m/n/12 fizycznego symulacji lotów rakietowych, a druga cz¦±¢ zawiera op
is literatury odnosz¡cej
 []


Overfull \hbox (1.10347pt too wide) in paragraph at lines 49--50
\T1/lmr/m/n/12 temat siª dziaªaj¡cych na obiekt poruszaj¡cy si¦ w atmosferze, w
 polu grawitacyjnym. 
 []

) [10]
\openout2 = `chapter2.aux'.

 (chapter2.tex
Rozdzia\PlPrIeC {\l } 2.

Overfull \hbox (10.39514pt too wide) in paragraph at lines 2--2
|[]\T1/lmr/bx/n/17.28 Loty rakietowe: Podstawowe zasady i wyzwania| 
 []


Overfull \hbox (2.11737pt too wide) in paragraph at lines 3--3
|[]\T1/lmr/bx/n/17.28 Sztuczna inteligencja w symulacjach: Przegl¡d
 []

) [11




]
\openout2 = `chapter3.aux'.

 (chapter3.tex
Rozdzia\PlPrIeC {\l } 3.

Overfull \hbox (40.07274pt too wide) in paragraph at lines 1--1
|[]\T1/lmr/bx/n/20.74 Silnik fizyczny symulacji lotów rakietowych| 
 []

) [12




]
\openout2 = `chapter4.aux'.

 (chapter4.tex
Rozdzia\PlPrIeC {\l } 4.

Overfull \hbox (80.80745pt too wide) in paragraph at lines 2--2
|[]\T1/lmr/bx/n/17.28 Wybór odpowiedniego algorytmu uczenia maszynowego| 
 []

) [13




]
\openout2 = `chapter5.aux'.

 (chapter5.tex
Rozdzia\PlPrIeC {\l } 5.

Overfull \hbox (11.96658pt too wide) in paragraph at lines 1--1
|[]\T1/lmr/bx/n/20.74 Integracja komponentów: Silnik fizyczny
 []


Overfull \hbox (29.47882pt too wide) in paragraph at lines 2--2
|[]\T1/lmr/bx/n/17.28 Interakcja mi¦dzy silnikiem fizycznym a modelem
 []

) [14




]
\openout2 = `chapter6.aux'.

 (chapter6.tex
Rozdzia\PlPrIeC {\l } 6.

Overfull \hbox (23.94484pt too wide) in paragraph at lines 3--3
|[]\T1/lmr/bx/n/17.28 Ocena skuteczno±ci modelu sztucznej inteligencji| 
 []


Overfull \hbox (12.15703pt too wide) in paragraph at lines 4--4
|[]\T1/lmr/bx/n/17.28 Analiza osi¡gni¦tych rezultatów i ich implikacje| 
 []

) [15




]
\openout2 = `chapter7.aux'.

 (chapter7.tex
Rozdzia\PlPrIeC {\l } 7.
) [16




]

LaTeX Warning: Empty `thebibliography' environment on input line 69.

[17



] [18] [19] [20]
(C:/Users\jkind\OneDrive\Documents\GitHub\PhysicsEngine\auxil\main.aux
(C:/Users\jkind\OneDrive\Documents\GitHub\PhysicsEngine\auxil\chapter1.aux)
(C:/Users\jkind\OneDrive\Documents\GitHub\PhysicsEngine\auxil\chapter2.aux)
(C:/Users\jkind\OneDrive\Documents\GitHub\PhysicsEngine\auxil\chapter3.aux)
(C:/Users\jkind\OneDrive\Documents\GitHub\PhysicsEngine\auxil\chapter4.aux)
(C:/Users\jkind\OneDrive\Documents\GitHub\PhysicsEngine\auxil\chapter5.aux)
(C:/Users\jkind\OneDrive\Documents\GitHub\PhysicsEngine\auxil\chapter6.aux)
(C:/Users\jkind\OneDrive\Documents\GitHub\PhysicsEngine\auxil\chapter7.aux))
 ***********
LaTeX2e <2023-11-01> patch level 1
L3 programming layer <2024-01-04>
 ***********
 ) 
Here is how much of TeX's memory you used:
 6047 strings out of 474485
 106513 string characters out of 5743733
 1929542 words of memory out of 5000000
 28241 multiletter control sequences out of 15000+600000
 592538 words of font info for 50 fonts, out of 8000000 for 9000
 1141 hyphenation exceptions out of 8191
 72i,5n,79p,601b,255s stack positions out of 10000i,1000n,20000p,200000b,200000s
<C:/Users/jkind/AppData/Local/Programs/MiKTeX/fonts/type1/public/lm/lmbx12.pf
b><C:/Users/jkind/AppData/Local/Programs/MiKTeX/fonts/type1/public/lm/lmr12.pfb
>
Output written on C:/Users\jkind\OneDrive\Documents\GitHub\PhysicsEngine\out\ma
in.pdf (20 pages, 119894 bytes).
PDF statistics:
 87 PDF objects out of 1000 (max. 8388607)
 0 named destinations out of 1000 (max. 500000)
 11 words of extra memory for PDF output out of 10000 (max. 10000000)

